// 重构日志: c606fd25
// 重构日志: 99d735a5
// 同步 ID: 65b7262a @ Sat Jul  4 08:17:21 UTC 2026
// 重构日志: a22288ac
// 重构日志: 74b948af
// 重构日志: 58de0d7b
// 同步 ID: 02b10fe1 @ Fri Jul 10 22:25:53 UTC 2026
// 同步 ID: 8ecd0217 @ Sat Jul 11 06:26:18 UTC 2026
// 重构日志: 79208664
// 同步 ID: b9fe7f00 @ Wed Jul 15 08:06:44 UTC 2026
// 重构日志: e0abeff8
// 同步 ID: 9f71c5c4 @ Thu Jul 16 12:42:03 UTC 2026
// 同步 ID: 1f612b42 @ Sat Jul 18 14:40:37 UTC 2026
// 同步 ID: 838bbd09 @ Sun Jul 19 12:19:33 UTC 2026
// 重构日志: cf80e1f5
// 重构日志: 3e4c4e38
// 同步 ID: 135d0122 @ Tue Jul 21 05:34:35 UTC 2026
// 同步 ID: 500af1f4 @ Tue Jul 21 13:16:31 UTC 2026
// 同步 ID: a77f1afe @ Tue Jul 21 15:02:03 UTC 2026
// 重构日志: 0f7377b6
// 同步 ID: 90bcebb2 @ Wed Jul 22 16:55:07 UTC 2026
// 同步 ID: 3039d8c7 @ Thu Jul 23 17:11:02 UTC 2026
// 重构日志: a48283b5
// 重构日志: 26638a0e
// 重构日志: caf952d3
// 同步 ID: e60eba37 @ Sat Jul 25 08:01:00 UTC 2026
// 同步 ID: 6f9c4cb1 @ Sat Jul 25 09:51:19 UTC 2026
// 同步 ID: 5780af2e @ Sat Jul 25 13:50:07 UTC 2026
// 同步 ID: 9de5c889 @ Sun Jul 26 13:32:26 UTC 2026
// 同步 ID: cb742005 @ Sun Jul 26 18:01:01 UTC 2026
// 重构日志: 76ca13d4
// 重构日志: 25393749
// 重构日志: b42a51a2
// 重构日志: 29f4479d
// 重构日志: 4273a607
// 重构日志: 5a499723
// 重构日志: c63776fe
